Archive member included to satisfy reference by file (symbol)

.\CortexM3\ARM_GCC_541\Debug\Kisrobot.a(IR_L.o)
                              .\CortexM3\ARM_GCC_541\Debug\main.o (IR_L_Read)
.\CortexM3\ARM_GCC_541\Debug\Kisrobot.a(IR_R.o)
                              .\CortexM3\ARM_GCC_541\Debug\main.o (IR_R_Read)
.\CortexM3\ARM_GCC_541\Debug\Kisrobot.a(CyLib.o)
                              .\CortexM3\ARM_GCC_541\Debug\Cm3Start.o (CyHalt)
.\CortexM3\ARM_GCC_541\Debug\Kisrobot.a(cyPm.o)
                              .\CortexM3\ARM_GCC_541\Debug\Kisrobot.a(CyLib.o) (CyPmReadStatus)
.\CortexM3\ARM_GCC_541\Debug\Kisrobot.a(Reg_PWM_Start.o)
                              .\CortexM3\ARM_GCC_541\Debug\main.o (Reg_PWM_Start_Write)
.\CortexM3\ARM_GCC_541\Debug\Kisrobot.a(Left_mot_dir.o)
                              .\CortexM3\ARM_GCC_541\Debug\main.o (Left_mot_dir_Write)
.\CortexM3\ARM_GCC_541\Debug\Kisrobot.a(Right_mot_dir.o)
                              .\CortexM3\ARM_GCC_541\Debug\main.o (Right_mot_dir_Write)
.\CortexM3\ARM_GCC_541\Debug\Kisrobot.a(PWM_L.o)
                              .\CortexM3\ARM_GCC_541\Debug\main.o (PWM_L_WriteCompare)
.\CortexM3\ARM_GCC_541\Debug\Kisrobot.a(PWM_R.o)
                              .\CortexM3\ARM_GCC_541\Debug\main.o (PWM_R_WriteCompare)
.\CortexM3\ARM_GCC_541\Debug\Kisrobot.a(CyBootAsmGnu.o)
                              .\CortexM3\ARM_GCC_541\Debug\cyfitter_cfg.o (CyDelayCycles)
.\CortexM3\ARM_GCC_541\Debug\Kisrobot.a(CyFlash.o)
                              .\CortexM3\ARM_GCC_541\Debug\Kisrobot.a(cyPm.o) (CyFlash_SetWaitCycles)
.\CortexM3\ARM_GCC_541\Debug\Kisrobot.a(CySpc.o)
                              .\CortexM3\ARM_GCC_541\Debug\Kisrobot.a(CyFlash.o) (CySpcStart)
c:/program files (x86)/cypress/psoc creator/4.3/psoc creator/import/gnu/arm/5.4.1/bin/../lib/gcc/arm-none-eabi/5.4.1/../../../../arm-none-eabi/lib/armv7-m\libg_nano.a(lib_a-errno.o)
                              .\CortexM3\ARM_GCC_541\Debug\Cm3Start.o (__errno)
c:/program files (x86)/cypress/psoc creator/4.3/psoc creator/import/gnu/arm/5.4.1/bin/../lib/gcc/arm-none-eabi/5.4.1/../../../../arm-none-eabi/lib/armv7-m\libg_nano.a(lib_a-exit.o)
                              c:/program files (x86)/cypress/psoc creator/4.3/psoc creator/import/gnu/arm/5.4.1/bin/../lib/gcc/arm-none-eabi/5.4.1/../../../../arm-none-eabi/lib/armv7-m/crt0.o (exit)
c:/program files (x86)/cypress/psoc creator/4.3/psoc creator/import/gnu/arm/5.4.1/bin/../lib/gcc/arm-none-eabi/5.4.1/../../../../arm-none-eabi/lib/armv7-m\libg_nano.a(lib_a-impure.o)
                              c:/program files (x86)/cypress/psoc creator/4.3/psoc creator/import/gnu/arm/5.4.1/bin/../lib/gcc/arm-none-eabi/5.4.1/../../../../arm-none-eabi/lib/armv7-m\libg_nano.a(lib_a-exit.o) (_global_impure_ptr)
c:/program files (x86)/cypress/psoc creator/4.3/psoc creator/import/gnu/arm/5.4.1/bin/../lib/gcc/arm-none-eabi/5.4.1/../../../../arm-none-eabi/lib/armv7-m\libg_nano.a(lib_a-init.o)
                              c:/program files (x86)/cypress/psoc creator/4.3/psoc creator/import/gnu/arm/5.4.1/bin/../lib/gcc/arm-none-eabi/5.4.1/../../../../arm-none-eabi/lib/armv7-m/crt0.o (__libc_init_array)
c:/program files (x86)/cypress/psoc creator/4.3/psoc creator/import/gnu/arm/5.4.1/bin/../lib/gcc/arm-none-eabi/5.4.1/../../../../arm-none-eabi/lib/armv7-m\libg_nano.a(lib_a-memcpy-stub.o)
                              .\CortexM3\ARM_GCC_541\Debug\cyfitter_cfg.o (memcpy)
c:/program files (x86)/cypress/psoc creator/4.3/psoc creator/import/gnu/arm/5.4.1/bin/../lib/gcc/arm-none-eabi/5.4.1/../../../../arm-none-eabi/lib/armv7-m\libg_nano.a(lib_a-memset.o)
                              c:/program files (x86)/cypress/psoc creator/4.3/psoc creator/import/gnu/arm/5.4.1/bin/../lib/gcc/arm-none-eabi/5.4.1/../../../../arm-none-eabi/lib/armv7-m/crt0.o (memset)

Allocating common symbols
Common symbol       size              file

dieTemperature      0x2               .\CortexM3\ARM_GCC_541\Debug\Kisrobot.a(CyFlash.o)

Discarded input sections

 .text          0x00000000        0x0 c:/program files (x86)/cypress/psoc creator/4.3/psoc creator/import/gnu/arm/5.4.1/bin/../lib/gcc/arm-none-eabi/5.4.1/armv7-m/crti.o
 .data          0x00000000        0x0 c:/program files (x86)/cypress/psoc creator/4.3/psoc creator/import/gnu/arm/5.4.1/bin/../lib/gcc/arm-none-eabi/5.4.1/armv7-m/crti.o
 .bss           0x00000000        0x0 c:/program files (x86)/cypress/psoc creator/4.3/psoc creator/import/gnu/arm/5.4.1/bin/../lib/gcc/arm-none-eabi/5.4.1/armv7-m/crti.o
 .data          0x00000000        0x4 c:/program files (x86)/cypress/psoc creator/4.3/psoc creator/import/gnu/arm/5.4.1/bin/../lib/gcc/arm-none-eabi/5.4.1/armv7-m/crtbegin.o
 .text          0x00000000       0x74 c:/program files (x86)/cypress/psoc creator/4.3/psoc creator/import/gnu/arm/5.4.1/bin/../lib/gcc/arm-none-eabi/5.4.1/../../../../arm-none-eabi/lib/armv7-m/crt0.o
 .data          0x00000000        0x0 c:/program files (x86)/cypress/psoc creator/4.3/psoc creator/import/gnu/arm/5.4.1/bin/../lib/gcc/arm-none-eabi/5.4.1/../../../../arm-none-eabi/lib/armv7-m/crt0.o
 .bss           0x00000000        0x0 c:/program files (x86)/cypress/psoc creator/4.3/psoc creator/import/gnu/arm/5.4.1/bin/../lib/gcc/arm-none-eabi/5.4.1/../../../../arm-none-eabi/lib/armv7-m/crt0.o
 .ARM.extab     0x00000000        0x0 c:/program files (x86)/cypress/psoc creator/4.3/psoc creator/import/gnu/arm/5.4.1/bin/../lib/gcc/arm-none-eabi/5.4.1/../../../../arm-none-eabi/lib/armv7-m/crt0.o
 .ARM.exidx     0x00000000        0x8 c:/program files (x86)/cypress/psoc creator/4.3/psoc creator/import/gnu/arm/5.4.1/bin/../lib/gcc/arm-none-eabi/5.4.1/../../../../arm-none-eabi/lib/armv7-m/crt0.o
 .text          0x00000000        0x0 .\CortexM3\ARM_GCC_541\Debug\main.o
 .data          0x00000000        0x0 .\CortexM3\ARM_GCC_541\Debug\main.o
 .text          0x00000000        0x0 .\CortexM3\ARM_GCC_541\Debug\cyfitter_cfg.o
 .data          0x00000000        0x0 .\CortexM3\ARM_GCC_541\Debug\cyfitter_cfg.o
 .bss           0x00000000        0x0 .\CortexM3\ARM_GCC_541\Debug\cyfitter_cfg.o
 .text.SetAnalogRoutingPumps
                0x00000000       0x10 .\CortexM3\ARM_GCC_541\Debug\cyfitter_cfg.o
 .text          0x00000000        0x0 .\CortexM3\ARM_GCC_541\Debug\cymetadata.o
 .data          0x00000000        0x0 .\CortexM3\ARM_GCC_541\Debug\cymetadata.o
 .bss           0x00000000        0x0 .\CortexM3\ARM_GCC_541\Debug\cymetadata.o
 .text          0x00000000        0x0 .\CortexM3\ARM_GCC_541\Debug\Cm3Start.o
 .data          0x00000000        0x4 .\CortexM3\ARM_GCC_541\Debug\Cm3Start.o
 .bss           0x00000000        0x0 .\CortexM3\ARM_GCC_541\Debug\Cm3Start.o
 .text._exit    0x00000000        0xc .\CortexM3\ARM_GCC_541\Debug\Cm3Start.o
 .text._sbrk    0x00000000       0x30 .\CortexM3\ARM_GCC_541\Debug\Cm3Start.o
 .text          0x00000000        0x0 .\CortexM3\ARM_GCC_541\Debug\Kisrobot.a(IR_L.o)
 .data          0x00000000        0x0 .\CortexM3\ARM_GCC_541\Debug\Kisrobot.a(IR_L.o)
 .bss           0x00000000        0x0 .\CortexM3\ARM_GCC_541\Debug\Kisrobot.a(IR_L.o)
 .text.IR_L_Write
                0x00000000       0x18 .\CortexM3\ARM_GCC_541\Debug\Kisrobot.a(IR_L.o)
 .text.IR_L_SetDriveMode
                0x00000000       0x18 .\CortexM3\ARM_GCC_541\Debug\Kisrobot.a(IR_L.o)
 .text.IR_L_ReadDataReg
                0x00000000       0x10 .\CortexM3\ARM_GCC_541\Debug\Kisrobot.a(IR_L.o)
 .text          0x00000000        0x0 .\CortexM3\ARM_GCC_541\Debug\Kisrobot.a(IR_R.o)
 .data          0x00000000        0x0 .\CortexM3\ARM_GCC_541\Debug\Kisrobot.a(IR_R.o)
 .bss           0x00000000        0x0 .\CortexM3\ARM_GCC_541\Debug\Kisrobot.a(IR_R.o)
 .text.IR_R_Write
                0x00000000       0x18 .\CortexM3\ARM_GCC_541\Debug\Kisrobot.a(IR_R.o)
 .text.IR_R_SetDriveMode
                0x00000000       0x18 .\CortexM3\ARM_GCC_541\Debug\Kisrobot.a(IR_R.o)
 .text.IR_R_ReadDataReg
                0x00000000        0xc .\CortexM3\ARM_GCC_541\Debug\Kisrobot.a(IR_R.o)
 .text          0x00000000        0x0 .\CortexM3\ARM_GCC_541\Debug\Kisrobot.a(CyLib.o)
 .text.CyUSB_PowerOnCheck
                0x00000000       0x48 .\CortexM3\ARM_GCC_541\Debug\Kisrobot.a(CyLib.o)
 .text.CyBusClk_Internal_SetDivider
                0x00000000       0x48 .\CortexM3\ARM_GCC_541\Debug\Kisrobot.a(CyLib.o)
 .text.CyPLL_OUT_Stop
                0x00000000       0x10 .\CortexM3\ARM_GCC_541\Debug\Kisrobot.a(CyLib.o)
 .text.CyIMO_Stop
                0x00000000       0x1c .\CortexM3\ARM_GCC_541\Debug\Kisrobot.a(CyLib.o)
 .text.CyIMO_EnableDoubler
                0x00000000       0x10 .\CortexM3\ARM_GCC_541\Debug\Kisrobot.a(CyLib.o)
 .text.CyIMO_DisableDoubler
                0x00000000       0x10 .\CortexM3\ARM_GCC_541\Debug\Kisrobot.a(CyLib.o)
 .text.CyMasterClk_SetSource
                0x00000000       0x18 .\CortexM3\ARM_GCC_541\Debug\Kisrobot.a(CyLib.o)
 .text.CyMasterClk_SetDivider
                0x00000000        0xc .\CortexM3\ARM_GCC_541\Debug\Kisrobot.a(CyLib.o)
 .text.CyBusClk_SetDivider
                0x00000000       0x70 .\CortexM3\ARM_GCC_541\Debug\Kisrobot.a(CyLib.o)
 .text.CyUsbClk_SetSource
                0x00000000       0x18 .\CortexM3\ARM_GCC_541\Debug\Kisrobot.a(CyLib.o)
 .text.CyILO_Start1K
                0x00000000       0x10 .\CortexM3\ARM_GCC_541\Debug\Kisrobot.a(CyLib.o)
 .text.CyILO_Stop1K
                0x00000000       0x10 .\CortexM3\ARM_GCC_541\Debug\Kisrobot.a(CyLib.o)
 .text.CyILO_Start100K
                0x00000000       0x10 .\CortexM3\ARM_GCC_541\Debug\Kisrobot.a(CyLib.o)
 .text.CyILO_Stop100K
                0x00000000       0x10 .\CortexM3\ARM_GCC_541\Debug\Kisrobot.a(CyLib.o)
 .text.CyPLL_OUT_Start
                0x00000000       0x78 .\CortexM3\ARM_GCC_541\Debug\Kisrobot.a(CyLib.o)
 .text.CyIMO_Start
                0x00000000       0x60 .\CortexM3\ARM_GCC_541\Debug\Kisrobot.a(CyLib.o)
 .text.CyILO_Enable33K
                0x00000000       0x10 .\CortexM3\ARM_GCC_541\Debug\Kisrobot.a(CyLib.o)
 .text.CyILO_Disable33K
                0x00000000       0x10 .\CortexM3\ARM_GCC_541\Debug\Kisrobot.a(CyLib.o)
 .text.CyILO_SetSource
                0x00000000       0x18 .\CortexM3\ARM_GCC_541\Debug\Kisrobot.a(CyLib.o)
 .text.CyILO_SetPowerMode
                0x00000000       0x24 .\CortexM3\ARM_GCC_541\Debug\Kisrobot.a(CyLib.o)
 .text.CyXTAL_32KHZ_Stop
                0x00000000       0x30 .\CortexM3\ARM_GCC_541\Debug\Kisrobot.a(CyLib.o)
 .text.CyXTAL_32KHZ_ReadStatus
                0x00000000       0x10 .\CortexM3\ARM_GCC_541\Debug\Kisrobot.a(CyLib.o)
 .text.CyXTAL_Start
                0x00000000       0xac .\CortexM3\ARM_GCC_541\Debug\Kisrobot.a(CyLib.o)
 .text.CyXTAL_Stop
                0x00000000       0x10 .\CortexM3\ARM_GCC_541\Debug\Kisrobot.a(CyLib.o)
 .text.CyXTAL_EnableErrStatus
                0x00000000       0x10 .\CortexM3\ARM_GCC_541\Debug\Kisrobot.a(CyLib.o)
 .text.CyXTAL_DisableErrStatus
                0x00000000       0x10 .\CortexM3\ARM_GCC_541\Debug\Kisrobot.a(CyLib.o)
 .text.CyXTAL_ReadStatus
                0x00000000       0x18 .\CortexM3\ARM_GCC_541\Debug\Kisrobot.a(CyLib.o)
 .text.CyXTAL_EnableFaultRecovery
                0x00000000       0x10 .\CortexM3\ARM_GCC_541\Debug\Kisrobot.a(CyLib.o)
 .text.CyXTAL_DisableFaultRecovery
                0x00000000       0x10 .\CortexM3\ARM_GCC_541\Debug\Kisrobot.a(CyLib.o)
 .text.CyXTAL_SetStartup
                0x00000000       0x18 .\CortexM3\ARM_GCC_541\Debug\Kisrobot.a(CyLib.o)
 .text.CyXTAL_SetFbVoltage
                0x00000000       0x18 .\CortexM3\ARM_GCC_541\Debug\Kisrobot.a(CyLib.o)
 .text.CyXTAL_SetWdVoltage
                0x00000000       0x18 .\CortexM3\ARM_GCC_541\Debug\Kisrobot.a(CyLib.o)
 .text.CyPLL_OUT_SetPQ
                0x00000000       0x60 .\CortexM3\ARM_GCC_541\Debug\Kisrobot.a(CyLib.o)
 .text.CyPLL_OUT_SetSource
                0x00000000       0x34 .\CortexM3\ARM_GCC_541\Debug\Kisrobot.a(CyLib.o)
 .text.CyIMO_SetTrimValue
                0x00000000       0xcc .\CortexM3\ARM_GCC_541\Debug\Kisrobot.a(CyLib.o)
 .text.CyIMO_SetFreq
                0x00000000       0xf4 .\CortexM3\ARM_GCC_541\Debug\Kisrobot.a(CyLib.o)
 .text.CyIMO_SetSource
                0x00000000       0x58 .\CortexM3\ARM_GCC_541\Debug\Kisrobot.a(CyLib.o)
 .text.CySoftwareReset
                0x00000000       0x10 .\CortexM3\ARM_GCC_541\Debug\Kisrobot.a(CyLib.o)
 .text.CyDelay  0x00000000       0x2c .\CortexM3\ARM_GCC_541\Debug\Kisrobot.a(CyLib.o)
 .text.CyDelayUs
                0x00000000       0x14 .\CortexM3\ARM_GCC_541\Debug\Kisrobot.a(CyLib.o)
 .text.CyXTAL_32KHZ_SetPowerMode
                0x00000000       0x84 .\CortexM3\ARM_GCC_541\Debug\Kisrobot.a(CyLib.o)
 .text.CyXTAL_32KHZ_Start
                0x00000000       0x74 .\CortexM3\ARM_GCC_541\Debug\Kisrobot.a(CyLib.o)
 .text.CyDelayFreq
                0x00000000       0x4c .\CortexM3\ARM_GCC_541\Debug\Kisrobot.a(CyLib.o)
 .text.CyWdtStart
                0x00000000       0x40 .\CortexM3\ARM_GCC_541\Debug\Kisrobot.a(CyLib.o)
 .text.CyWdtClear
                0x00000000        0xc .\CortexM3\ARM_GCC_541\Debug\Kisrobot.a(CyLib.o)
 .text.CyVdStickyStatus
                0x00000000       0x2c .\CortexM3\ARM_GCC_541\Debug\Kisrobot.a(CyLib.o)
 .text.CyVdLvDigitEnable
                0x00000000       0x84 .\CortexM3\ARM_GCC_541\Debug\Kisrobot.a(CyLib.o)
 .text.CyVdLvAnalogEnable
                0x00000000       0x80 .\CortexM3\ARM_GCC_541\Debug\Kisrobot.a(CyLib.o)
 .text.CyVdLvDigitDisable
                0x00000000       0x30 .\CortexM3\ARM_GCC_541\Debug\Kisrobot.a(CyLib.o)
 .text.CyVdLvAnalogDisable
                0x00000000       0x28 .\CortexM3\ARM_GCC_541\Debug\Kisrobot.a(CyLib.o)
 .text.CyVdHvAnalogEnable
                0x00000000       0x54 .\CortexM3\ARM_GCC_541\Debug\Kisrobot.a(CyLib.o)
 .text.CyVdHvAnalogDisable
                0x00000000       0x20 .\CortexM3\ARM_GCC_541\Debug\Kisrobot.a(CyLib.o)
 .text.CyVdRealTimeStatus
                0x00000000       0x1c .\CortexM3\ARM_GCC_541\Debug\Kisrobot.a(CyLib.o)
 .text.CyDisableInts
                0x00000000       0x1c .\CortexM3\ARM_GCC_541\Debug\Kisrobot.a(CyLib.o)
 .text.CyEnableInts
                0x00000000       0x18 .\CortexM3\ARM_GCC_541\Debug\Kisrobot.a(CyLib.o)
 .text.CyFlushCache
                0x00000000       0x44 .\CortexM3\ARM_GCC_541\Debug\Kisrobot.a(CyLib.o)
 .text.CyIntGetSysVector
                0x00000000       0x20 .\CortexM3\ARM_GCC_541\Debug\Kisrobot.a(CyLib.o)
 .text.CyIntSetVector
                0x00000000       0x28 .\CortexM3\ARM_GCC_541\Debug\Kisrobot.a(CyLib.o)
 .text.CyIntGetVector
                0x00000000       0x24 .\CortexM3\ARM_GCC_541\Debug\Kisrobot.a(CyLib.o)
 .text.CyIntSetPriority
                0x00000000       0x30 .\CortexM3\ARM_GCC_541\Debug\Kisrobot.a(CyLib.o)
 .text.CyIntGetPriority
                0x00000000       0x20 .\CortexM3\ARM_GCC_541\Debug\Kisrobot.a(CyLib.o)
 .text.CyIntGetState
                0x00000000       0x24 .\CortexM3\ARM_GCC_541\Debug\Kisrobot.a(CyLib.o)
 .text.CySysTickStop
                0x00000000       0x10 .\CortexM3\ARM_GCC_541\Debug\Kisrobot.a(CyLib.o)
 .text.CySysTickDisableInterrupt
                0x00000000       0x10 .\CortexM3\ARM_GCC_541\Debug\Kisrobot.a(CyLib.o)
 .text.CySysTickGetReload
                0x00000000       0x10 .\CortexM3\ARM_GCC_541\Debug\Kisrobot.a(CyLib.o)
 .text.CySysTickGetClockSource
                0x00000000       0x10 .\CortexM3\ARM_GCC_541\Debug\Kisrobot.a(CyLib.o)
 .text.CySysTickSetCallback
                0x00000000       0x10 .\CortexM3\ARM_GCC_541\Debug\Kisrobot.a(CyLib.o)
 .text.CySysTickGetCallback
                0x00000000       0x10 .\CortexM3\ARM_GCC_541\Debug\Kisrobot.a(CyLib.o)
 .text.CyGetUniqueId
                0x00000000       0x70 .\CortexM3\ARM_GCC_541\Debug\Kisrobot.a(CyLib.o)
 .text          0x00000000        0x0 .\CortexM3\ARM_GCC_541\Debug\Kisrobot.a(cyPm.o)
 .data          0x00000000        0x0 .\CortexM3\ARM_GCC_541\Debug\Kisrobot.a(cyPm.o)
 .bss           0x00000000       0x43 .\CortexM3\ARM_GCC_541\Debug\Kisrobot.a(cyPm.o)
 .text.CyPmHibSlpSaveSet
                0x00000000      0x1dc .\CortexM3\ARM_GCC_541\Debug\Kisrobot.a(cyPm.o)
 .text.CyPmHibSlpRestore
                0x00000000       0xd8 .\CortexM3\ARM_GCC_541\Debug\Kisrobot.a(cyPm.o)
 .text.CyPmHviLviSaveDisable
                0x00000000       0xa0 .\CortexM3\ARM_GCC_541\Debug\Kisrobot.a(cyPm.o)
 .text.CyPmHibSaveSet
                0x00000000       0x98 .\CortexM3\ARM_GCC_541\Debug\Kisrobot.a(cyPm.o)
 .text.CyPmHviLviRestore
                0x00000000       0x48 .\CortexM3\ARM_GCC_541\Debug\Kisrobot.a(cyPm.o)
 .text.CyPmHibRestore
                0x00000000       0x60 .\CortexM3\ARM_GCC_541\Debug\Kisrobot.a(cyPm.o)
 .text.CyPmSaveClocks
                0x00000000      0x218 .\CortexM3\ARM_GCC_541\Debug\Kisrobot.a(cyPm.o)
 .text.CyPmRestoreClocks
                0x00000000      0x24c .\CortexM3\ARM_GCC_541\Debug\Kisrobot.a(cyPm.o)
 .text.CyPmAltAct
                0x00000000       0x6c .\CortexM3\ARM_GCC_541\Debug\Kisrobot.a(cyPm.o)
 .text.CyPmSleep
                0x00000000       0xf4 .\CortexM3\ARM_GCC_541\Debug\Kisrobot.a(cyPm.o)
 .text.CyPmHibernateEx
                0x00000000       0xf4 .\CortexM3\ARM_GCC_541\Debug\Kisrobot.a(cyPm.o)
 .text.CyPmHibernate
                0x00000000        0xc .\CortexM3\ARM_GCC_541\Debug\Kisrobot.a(cyPm.o)
 .text.CyPmReadStatus
                0x00000000       0x30 .\CortexM3\ARM_GCC_541\Debug\Kisrobot.a(cyPm.o)
 .text.CyPmCtwSetInterval
                0x00000000       0x5c .\CortexM3\ARM_GCC_541\Debug\Kisrobot.a(cyPm.o)
 .text.CyPmOppsSet
                0x00000000       0x2c .\CortexM3\ARM_GCC_541\Debug\Kisrobot.a(cyPm.o)
 .text.CyPmFtwSetInterval
                0x00000000       0x5c .\CortexM3\ARM_GCC_541\Debug\Kisrobot.a(cyPm.o)
 .rodata        0x00000000        0xf .\CortexM3\ARM_GCC_541\Debug\Kisrobot.a(cyPm.o)
 .text          0x00000000        0x0 .\CortexM3\ARM_GCC_541\Debug\Kisrobot.a(Reg_PWM_Start.o)
 .data          0x00000000        0x0 .\CortexM3\ARM_GCC_541\Debug\Kisrobot.a(Reg_PWM_Start.o)
 .bss           0x00000000        0x0 .\CortexM3\ARM_GCC_541\Debug\Kisrobot.a(Reg_PWM_Start.o)
 .text.Reg_PWM_Start_Read
                0x00000000        0xc .\CortexM3\ARM_GCC_541\Debug\Kisrobot.a(Reg_PWM_Start.o)
 .text          0x00000000        0x0 .\CortexM3\ARM_GCC_541\Debug\Kisrobot.a(Left_mot_dir.o)
 .data          0x00000000        0x0 .\CortexM3\ARM_GCC_541\Debug\Kisrobot.a(Left_mot_dir.o)
 .bss           0x00000000        0x0 .\CortexM3\ARM_GCC_541\Debug\Kisrobot.a(Left_mot_dir.o)
 .text.Left_mot_dir_SetDriveMode
                0x00000000       0x18 .\CortexM3\ARM_GCC_541\Debug\Kisrobot.a(Left_mot_dir.o)
 .text.Left_mot_dir_Read
                0x00000000       0x10 .\CortexM3\ARM_GCC_541\Debug\Kisrobot.a(Left_mot_dir.o)
 .text.Left_mot_dir_ReadDataReg
                0x00000000       0x10 .\CortexM3\ARM_GCC_541\Debug\Kisrobot.a(Left_mot_dir.o)
 .text          0x00000000        0x0 .\CortexM3\ARM_GCC_541\Debug\Kisrobot.a(Right_mot_dir.o)
 .data          0x00000000        0x0 .\CortexM3\ARM_GCC_541\Debug\Kisrobot.a(Right_mot_dir.o)
 .bss           0x00000000        0x0 .\CortexM3\ARM_GCC_541\Debug\Kisrobot.a(Right_mot_dir.o)
 .text.Right_mot_dir_SetDriveMode
                0x00000000       0x18 .\CortexM3\ARM_GCC_541\Debug\Kisrobot.a(Right_mot_dir.o)
 .text.Right_mot_dir_Read
                0x00000000       0x10 .\CortexM3\ARM_GCC_541\Debug\Kisrobot.a(Right_mot_dir.o)
 .text.Right_mot_dir_ReadDataReg
                0x00000000       0x10 .\CortexM3\ARM_GCC_541\Debug\Kisrobot.a(Right_mot_dir.o)
 .text          0x00000000        0x0 .\CortexM3\ARM_GCC_541\Debug\Kisrobot.a(PWM_L.o)
 .data          0x00000000        0x0 .\CortexM3\ARM_GCC_541\Debug\Kisrobot.a(PWM_L.o)
 .text.PWM_L_Stop
                0x00000000       0x28 .\CortexM3\ARM_GCC_541\Debug\Kisrobot.a(PWM_L.o)
 .text.PWM_L_ReadStatusRegister
                0x00000000        0xc .\CortexM3\ARM_GCC_541\Debug\Kisrobot.a(PWM_L.o)
 .text.PWM_L_ReadControlRegister
                0x00000000        0xc .\CortexM3\ARM_GCC_541\Debug\Kisrobot.a(PWM_L.o)
 .text.PWM_L_WriteControlRegister
                0x00000000        0xc .\CortexM3\ARM_GCC_541\Debug\Kisrobot.a(PWM_L.o)
 .text.PWM_L_ReadCompare
                0x00000000        0xc .\CortexM3\ARM_GCC_541\Debug\Kisrobot.a(PWM_L.o)
 .text.PWM_L_ReadPeriod
                0x00000000        0xc .\CortexM3\ARM_GCC_541\Debug\Kisrobot.a(PWM_L.o)
 .text          0x00000000        0x0 .\CortexM3\ARM_GCC_541\Debug\Kisrobot.a(PWM_R.o)
 .data          0x00000000        0x0 .\CortexM3\ARM_GCC_541\Debug\Kisrobot.a(PWM_R.o)
 .text.PWM_R_Stop
                0x00000000       0x28 .\CortexM3\ARM_GCC_541\Debug\Kisrobot.a(PWM_R.o)
 .text.PWM_R_ReadStatusRegister
                0x00000000        0xc .\CortexM3\ARM_GCC_541\Debug\Kisrobot.a(PWM_R.o)
 .text.PWM_R_ReadControlRegister
                0x00000000        0xc .\CortexM3\ARM_GCC_541\Debug\Kisrobot.a(PWM_R.o)
 .text.PWM_R_WriteControlRegister
                0x00000000        0xc .\CortexM3\ARM_GCC_541\Debug\Kisrobot.a(PWM_R.o)
 .text.PWM_R_ReadCompare
                0x00000000        0xc .\CortexM3\ARM_GCC_541\Debug\Kisrobot.a(PWM_R.o)
 .text.PWM_R_ReadPeriod
                0x00000000        0xc .\CortexM3\ARM_GCC_541\Debug\Kisrobot.a(PWM_R.o)
 .data          0x00000000        0x0 .\CortexM3\ARM_GCC_541\Debug\Kisrobot.a(CyBootAsmGnu.o)
 .bss           0x00000000        0x0 .\CortexM3\ARM_GCC_541\Debug\Kisrobot.a(CyBootAsmGnu.o)
 .text          0x00000000        0x0 .\CortexM3\ARM_GCC_541\Debug\Kisrobot.a(CyFlash.o)
 .data          0x00000000        0x0 .\CortexM3\ARM_GCC_541\Debug\Kisrobot.a(CyFlash.o)
 .bss           0x00000000        0x0 .\CortexM3\ARM_GCC_541\Debug\Kisrobot.a(CyFlash.o)
 .text.CySetTempInt
                0x00000000       0x60 .\CortexM3\ARM_GCC_541\Debug\Kisrobot.a(CyFlash.o)
 .text.CyFlash_Start
                0x00000000       0x54 .\CortexM3\ARM_GCC_541\Debug\Kisrobot.a(CyFlash.o)
 .text.CyFlash_Stop
                0x00000000       0x24 .\CortexM3\ARM_GCC_541\Debug\Kisrobot.a(CyFlash.o)
 .text.CyFlash_EraseRow
                0x00000000       0x78 .\CortexM3\ARM_GCC_541\Debug\Kisrobot.a(CyFlash.o)
 .text.CyFlashGetSpcAlgorithm
                0x00000000       0x4c .\CortexM3\ARM_GCC_541\Debug\Kisrobot.a(CyFlash.o)
 .text.CySetTemp
                0x00000000       0x14 .\CortexM3\ARM_GCC_541\Debug\Kisrobot.a(CyFlash.o)
 .text.CySetFlashEEBuffer
                0x00000000       0x20 .\CortexM3\ARM_GCC_541\Debug\Kisrobot.a(CyFlash.o)
 .text.CyWriteRowFull
                0x00000000       0xf8 .\CortexM3\ARM_GCC_541\Debug\Kisrobot.a(CyFlash.o)
 .text.CyWriteRowData
                0x00000000       0x14 .\CortexM3\ARM_GCC_541\Debug\Kisrobot.a(CyFlash.o)
 .text.CyFlash_SetWaitCycles
                0x00000000       0x7c .\CortexM3\ARM_GCC_541\Debug\Kisrobot.a(CyFlash.o)
 .text.CyEEPROM_Start
                0x00000000       0x54 .\CortexM3\ARM_GCC_541\Debug\Kisrobot.a(CyFlash.o)
 .text.CyEEPROM_Stop
                0x00000000       0x24 .\CortexM3\ARM_GCC_541\Debug\Kisrobot.a(CyFlash.o)
 .text.CyEEPROM_ReadReserve
                0x00000000       0x1c .\CortexM3\ARM_GCC_541\Debug\Kisrobot.a(CyFlash.o)
 .text.CyEEPROM_ReadRelease
                0x00000000       0x10 .\CortexM3\ARM_GCC_541\Debug\Kisrobot.a(CyFlash.o)
 COMMON         0x00000000        0x2 .\CortexM3\ARM_GCC_541\Debug\Kisrobot.a(CyFlash.o)
 .text          0x00000000        0x0 .\CortexM3\ARM_GCC_541\Debug\Kisrobot.a(CySpc.o)
 .data          0x00000000        0x0 .\CortexM3\ARM_GCC_541\Debug\Kisrobot.a(CySpc.o)
 .bss           0x00000000        0x8 .\CortexM3\ARM_GCC_541\Debug\Kisrobot.a(CySpc.o)
 .text.CySpcStart
                0x00000000       0x24 .\CortexM3\ARM_GCC_541\Debug\Kisrobot.a(CySpc.o)
 .text.CySpcStop
                0x00000000       0x24 .\CortexM3\ARM_GCC_541\Debug\Kisrobot.a(CySpc.o)
 .text.CySpcReadData
                0x00000000       0x34 .\CortexM3\ARM_GCC_541\Debug\Kisrobot.a(CySpc.o)
 .text.CySpcLoadMultiByte
                0x00000000       0x78 .\CortexM3\ARM_GCC_541\Debug\Kisrobot.a(CySpc.o)
 .text.CySpcLoadRow
                0x00000000       0x50 .\CortexM3\ARM_GCC_541\Debug\Kisrobot.a(CySpc.o)
 .text.CySpcLoadRowFull
                0x00000000       0x80 .\CortexM3\ARM_GCC_541\Debug\Kisrobot.a(CySpc.o)
 .text.CySpcWriteRow
                0x00000000       0x4c .\CortexM3\ARM_GCC_541\Debug\Kisrobot.a(CySpc.o)
 .text.CySpcEraseSector
                0x00000000       0x3c .\CortexM3\ARM_GCC_541\Debug\Kisrobot.a(CySpc.o)
 .text.CySpcEraseRow
                0x00000000       0x4c .\CortexM3\ARM_GCC_541\Debug\Kisrobot.a(CySpc.o)
 .text.CySpcGetTemp
                0x00000000       0x3c .\CortexM3\ARM_GCC_541\Debug\Kisrobot.a(CySpc.o)
 .text.CySpcLock
                0x00000000       0x4c .\CortexM3\ARM_GCC_541\Debug\Kisrobot.a(CySpc.o)
 .text.CySpcUnlock
                0x00000000       0x38 .\CortexM3\ARM_GCC_541\Debug\Kisrobot.a(CySpc.o)
 .text.CySpcGetAlgorithm
                0x00000000       0x28 .\CortexM3\ARM_GCC_541\Debug\Kisrobot.a(CySpc.o)
 .text          0x00000000        0x0 c:/program files (x86)/cypress/psoc creator/4.3/psoc creator/import/gnu/arm/5.4.1/bin/../lib/gcc/arm-none-eabi/5.4.1/../../../../arm-none-eabi/lib/armv7-m\libg_nano.a(lib_a-errno.o)
 .data          0x00000000        0x0 c:/program files (x86)/cypress/psoc creator/4.3/psoc creator/import/gnu/arm/5.4.1/bin/../lib/gcc/arm-none-eabi/5.4.1/../../../../arm-none-eabi/lib/armv7-m\libg_nano.a(lib_a-errno.o)
 .bss           0x00000000        0x0 c:/program files (x86)/cypress/psoc creator/4.3/psoc creator/import/gnu/arm/5.4.1/bin/../lib/gcc/arm-none-eabi/5.4.1/../../../../arm-none-eabi/lib/armv7-m\libg_nano.a(lib_a-errno.o)
 .text          0x00000000        0x0 c:/program files (x86)/cypress/psoc creator/4.3/psoc creator/import/gnu/arm/5.4.1/bin/../lib/gcc/arm-none-eabi/5.4.1/../../../../arm-none-eabi/lib/armv7-m\libg_nano.a(lib_a-exit.o)
 .data          0x00000000        0x0 c:/program files (x86)/cypress/psoc creator/4.3/psoc creator/import/gnu/arm/5.4.1/bin/../lib/gcc/arm-none-eabi/5.4.1/../../../../arm-none-eabi/lib/armv7-m\libg_nano.a(lib_a-exit.o)
 .bss           0x00000000        0x0 c:/program files (x86)/cypress/psoc creator/4.3/psoc creator/import/gnu/arm/5.4.1/bin/../lib/gcc/arm-none-eabi/5.4.1/../../../../arm-none-eabi/lib/armv7-m\libg_nano.a(lib_a-exit.o)
 .text.exit     0x00000000       0x28 c:/program files (x86)/cypress/psoc creator/4.3/psoc creator/import/gnu/arm/5.4.1/bin/../lib/gcc/arm-none-eabi/5.4.1/../../../../arm-none-eabi/lib/armv7-m\libg_nano.a(lib_a-exit.o)
 .text          0x00000000        0x0 c:/program files (x86)/cypress/psoc creator/4.3/psoc creator/import/gnu/arm/5.4.1/bin/../lib/gcc/arm-none-eabi/5.4.1/../../../../arm-none-eabi/lib/armv7-m\libg_nano.a(lib_a-impure.o)
 .data          0x00000000        0x0 c:/program files (x86)/cypress/psoc creator/4.3/psoc creator/import/gnu/arm/5.4.1/bin/../lib/gcc/arm-none-eabi/5.4.1/../../../../arm-none-eabi/lib/armv7-m\libg_nano.a(lib_a-impure.o)
 .bss           0x00000000        0x0 c:/program files (x86)/cypress/psoc creator/4.3/psoc creator/import/gnu/arm/5.4.1/bin/../lib/gcc/arm-none-eabi/5.4.1/../../../../arm-none-eabi/lib/armv7-m\libg_nano.a(lib_a-impure.o)
 .rodata._global_impure_ptr
                0x00000000        0x4 c:/program files (x86)/cypress/psoc creator/4.3/psoc creator/import/gnu/arm/5.4.1/bin/../lib/gcc/arm-none-eabi/5.4.1/../../../../arm-none-eabi/lib/armv7-m\libg_nano.a(lib_a-impure.o)
 .text          0x00000000        0x0 c:/program files (x86)/cypress/psoc creator/4.3/psoc creator/import/gnu/arm/5.4.1/bin/../lib/gcc/arm-none-eabi/5.4.1/../../../../arm-none-eabi/lib/armv7-m\libg_nano.a(lib_a-init.o)
 .data          0x00000000        0x0 c:/program files (x86)/cypress/psoc creator/4.3/psoc creator/import/gnu/arm/5.4.1/bin/../lib/gcc/arm-none-eabi/5.4.1/../../../../arm-none-eabi/lib/armv7-m\libg_nano.a(lib_a-init.o)
 .bss           0x00000000        0x0 c:/program files (x86)/cypress/psoc creator/4.3/psoc creator/import/gnu/arm/5.4.1/bin/../lib/gcc/arm-none-eabi/5.4.1/../../../../arm-none-eabi/lib/armv7-m\libg_nano.a(lib_a-init.o)
 .text          0x00000000        0x0 c:/program files (x86)/cypress/psoc creator/4.3/psoc creator/import/gnu/arm/5.4.1/bin/../lib/gcc/arm-none-eabi/5.4.1/../../../../arm-none-eabi/lib/armv7-m\libg_nano.a(lib_a-memcpy-stub.o)
 .data          0x00000000        0x0 c:/program files (x86)/cypress/psoc creator/4.3/psoc creator/import/gnu/arm/5.4.1/bin/../lib/gcc/arm-none-eabi/5.4.1/../../../../arm-none-eabi/lib/armv7-m\libg_nano.a(lib_a-memcpy-stub.o)
 .bss           0x00000000        0x0 c:/program files (x86)/cypress/psoc creator/4.3/psoc creator/import/gnu/arm/5.4.1/bin/../lib/gcc/arm-none-eabi/5.4.1/../../../../arm-none-eabi/lib/armv7-m\libg_nano.a(lib_a-memcpy-stub.o)
 .text          0x00000000        0x0 c:/program files (x86)/cypress/psoc creator/4.3/psoc creator/import/gnu/arm/5.4.1/bin/../lib/gcc/arm-none-eabi/5.4.1/../../../../arm-none-eabi/lib/armv7-m\libg_nano.a(lib_a-memset.o)
 .data          0x00000000        0x0 c:/program files (x86)/cypress/psoc creator/4.3/psoc creator/import/gnu/arm/5.4.1/bin/../lib/gcc/arm-none-eabi/5.4.1/../../../../arm-none-eabi/lib/armv7-m\libg_nano.a(lib_a-memset.o)
 .bss           0x00000000        0x0 c:/program files (x86)/cypress/psoc creator/4.3/psoc creator/import/gnu/arm/5.4.1/bin/../lib/gcc/arm-none-eabi/5.4.1/../../../../arm-none-eabi/lib/armv7-m\libg_nano.a(lib_a-memset.o)
 .text          0x00000000        0x0 c:/program files (x86)/cypress/psoc creator/4.3/psoc creator/import/gnu/arm/5.4.1/bin/../lib/gcc/arm-none-eabi/5.4.1/armv7-m/crtend.o
 .data          0x00000000        0x0 c:/program files (x86)/cypress/psoc creator/4.3/psoc creator/import/gnu/arm/5.4.1/bin/../lib/gcc/arm-none-eabi/5.4.1/armv7-m/crtend.o
 .bss           0x00000000        0x0 c:/program files (x86)/cypress/psoc creator/4.3/psoc creator/import/gnu/arm/5.4.1/bin/../lib/gcc/arm-none-eabi/5.4.1/armv7-m/crtend.o
 .text          0x00000000        0x0 c:/program files (x86)/cypress/psoc creator/4.3/psoc creator/import/gnu/arm/5.4.1/bin/../lib/gcc/arm-none-eabi/5.4.1/armv7-m/crtn.o
 .data          0x00000000        0x0 c:/program files (x86)/cypress/psoc creator/4.3/psoc creator/import/gnu/arm/5.4.1/bin/../lib/gcc/arm-none-eabi/5.4.1/armv7-m/crtn.o
 .bss           0x00000000        0x0 c:/program files (x86)/cypress/psoc creator/4.3/psoc creator/import/gnu/arm/5.4.1/bin/../lib/gcc/arm-none-eabi/5.4.1/armv7-m/crtn.o

Memory Configuration

Name             Origin             Length             Attributes
rom              0x00000000         0x00040000         xr
ram              0x1fff8000         0x00010000         xrw
*default*        0x00000000         0xffffffff

Linker script and memory map

LOAD c:/program files (x86)/cypress/psoc creator/4.3/psoc creator/import/gnu/arm/5.4.1/bin/../lib/gcc/arm-none-eabi/5.4.1/armv7-m/crti.o
LOAD c:/program files (x86)/cypress/psoc creator/4.3/psoc creator/import/gnu/arm/5.4.1/bin/../lib/gcc/arm-none-eabi/5.4.1/armv7-m/crtbegin.o
LOAD c:/program files (x86)/cypress/psoc creator/4.3/psoc creator/import/gnu/arm/5.4.1/bin/../lib/gcc/arm-none-eabi/5.4.1/../../../../arm-none-eabi/lib/armv7-m/crt0.o
START GROUP
LOAD .\CortexM3\ARM_GCC_541\Debug\main.o
LOAD .\CortexM3\ARM_GCC_541\Debug\cyfitter_cfg.o
LOAD .\CortexM3\ARM_GCC_541\Debug\cymetadata.o
LOAD .\CortexM3\ARM_GCC_541\Debug\Cm3Start.o
LOAD .\CortexM3\ARM_GCC_541\Debug\Kisrobot.a
LOAD C:\Program Files (x86)\Cypress\PSoC Creator\4.3\PSoC Creator\psoc\content\cycomponentlibrary\CyComponentLibrary.cylib\CortexM3\ARM_GCC_541\Debug\CyComponentLibrary.a
END GROUP
START GROUP
LOAD c:/program files (x86)/cypress/psoc creator/4.3/psoc creator/import/gnu/arm/5.4.1/bin/../lib/gcc/arm-none-eabi/5.4.1/armv7-m\libgcc.a
LOAD c:/program files (x86)/cypress/psoc creator/4.3/psoc creator/import/gnu/arm/5.4.1/bin/../lib/gcc/arm-none-eabi/5.4.1/../../../../arm-none-eabi/lib/armv7-m\libg_nano.a
LOAD c:/program files (x86)/cypress/psoc creator/4.3/psoc creator/import/gnu/arm/5.4.1/bin/../lib/gcc/arm-none-eabi/5.4.1/../../../../arm-none-eabi/lib/armv7-m\libc_nano.a
END GROUP
START GROUP
LOAD c:/program files (x86)/cypress/psoc creator/4.3/psoc creator/import/gnu/arm/5.4.1/bin/../lib/gcc/arm-none-eabi/5.4.1/armv7-m\libgcc.a
LOAD c:/program files (x86)/cypress/psoc creator/4.3/psoc creator/import/gnu/arm/5.4.1/bin/../lib/gcc/arm-none-eabi/5.4.1/../../../../arm-none-eabi/lib/armv7-m\libc_nano.a
END GROUP
LOAD c:/program files (x86)/cypress/psoc creator/4.3/psoc creator/import/gnu/arm/5.4.1/bin/../lib/gcc/arm-none-eabi/5.4.1/armv7-m/crtend.o
LOAD c:/program files (x86)/cypress/psoc creator/4.3/psoc creator/import/gnu/arm/5.4.1/bin/../lib/gcc/arm-none-eabi/5.4.1/armv7-m/crtn.o
START GROUP
LOAD c:/program files (x86)/cypress/psoc creator/4.3/psoc creator/import/gnu/arm/5.4.1/bin/../lib/gcc/arm-none-eabi/5.4.1/armv7-m\libgcc.a
LOAD c:/program files (x86)/cypress/psoc creator/4.3/psoc creator/import/gnu/arm/5.4.1/bin/../lib/gcc/arm-none-eabi/5.4.1/../../../../arm-none-eabi/lib/armv7-m\libc.a
LOAD c:/program files (x86)/cypress/psoc creator/4.3/psoc creator/import/gnu/arm/5.4.1/bin/../lib/gcc/arm-none-eabi/5.4.1/../../../../arm-none-eabi/lib/armv7-m\libnosys.a
END GROUP
                0x00000000                CY_APPL_ORIGIN = 0x0
                0x00000100                CY_FLASH_ROW_SIZE = 0x100
                0x00000020                CY_ECC_ROW_SIZE = 0x20
                0x00000000                CY_EE_IN_BTLDR = 0x0
                0x00000000                CY_APPL_LOADABLE = 0x0
                0x00000800                CY_EE_SIZE = 0x800
                0x00000001                CY_APPL_NUM = 0x1
                0x00000001                CY_APPL_MAX = 0x1
                0x00000040                CY_METADATA_SIZE = 0x40
                0x00000000                CY_APPL_LOADABLE = 0x0
                0x00000000                CY_CHECKSUM_EXCLUDE_SIZE = ALIGN (0x0, CY_FLASH_ROW_SIZE)
                [!provide]                PROVIDE (__cy_heap_start, _end)
                0x00000001                PROVIDE (__cy_region_num, ((__cy_regions_end - __cy_regions) / 0x10))
                0x20008000                PROVIDE (__cy_stack, (ORIGIN (ram) + LENGTH (ram)))
                [!provide]                PROVIDE (__cy_heap_end, (__cy_stack - 0x800))

.cybootloader   0x00000000        0x0
 *(.cybootloader)
                0x00000000                appl1_start = CY_APPL_ORIGIN?CY_APPL_ORIGIN:ALIGN (CY_FLASH_ROW_SIZE)
                0x0001ff00                appl2_start = (appl1_start + ALIGN ((((LENGTH (rom) - appl1_start) - (0x2 * CY_FLASH_ROW_SIZE)) / 0x2), CY_FLASH_ROW_SIZE))
                0x00000000                appl_start = (CY_APPL_NUM == 0x1)?appl1_start:appl2_start
                0x00000000                ecc_offset = ((appl_start / CY_FLASH_ROW_SIZE) * CY_ECC_ROW_SIZE)
                0x00000000                ee_offset = (CY_APPL_LOADABLE && ! (CY_EE_IN_BTLDR))?((CY_EE_SIZE / CY_APPL_MAX) * (CY_APPL_NUM - 0x1)):0x0
                0x00000800                ee_size = (CY_APPL_LOADABLE && ! (CY_EE_IN_BTLDR))?(CY_EE_SIZE / CY_APPL_MAX):CY_EE_SIZE
                [!provide]                PROVIDE (CY_ECC_OFFSET, ecc_offset)

.text           0x00000000      0x8fe
 CREATE_OBJECT_SYMBOLS
                0x00000000                PROVIDE (__cy_interrupt_vector, RomVectors)
 *(.romvectors)
 .romvectors    0x00000000       0x10 .\CortexM3\ARM_GCC_541\Debug\Cm3Start.o
                0x00000000                RomVectors
                0x00000001                ASSERT ((. != __cy_interrupt_vector), No interrupt vector)
                0x00000001                ASSERT (CY_APPL_ORIGIN?(SIZEOF (.cybootloader) <= CY_APPL_ORIGIN):0x1, Wrong image location)
                0x00000010                PROVIDE (__cy_reset, Reset)
 *(.text.Reset)
 .text.Reset    0x00000010       0x18 .\CortexM3\ARM_GCC_541\Debug\Cm3Start.o
                0x00000010                Reset
                0x00000001                ASSERT ((. != __cy_reset), No reset code)
 *(.dma_init)
                0x00000001                ASSERT ((((appl_start + .) <= 0x10000) || 0x1), DMA Init must be within the first 64k of flash)
 *(.text .text.* .gnu.linkonce.t.*)
 .text          0x00000028       0x5c c:/program files (x86)/cypress/psoc creator/4.3/psoc creator/import/gnu/arm/5.4.1/bin/../lib/gcc/arm-none-eabi/5.4.1/armv7-m/crtbegin.o
 .text.Readevent
                0x00000084       0x34 .\CortexM3\ARM_GCC_541\Debug\main.o
                0x00000084                Readevent
 .text.setspeed
                0x000000b8       0x5c .\CortexM3\ARM_GCC_541\Debug\main.o
                0x000000b8                setspeed
 .text.ismytimer
                0x00000114       0x1c .\CortexM3\ARM_GCC_541\Debug\main.o
                0x00000114                ismytimer
 .text.main     0x00000130       0xb0 .\CortexM3\ARM_GCC_541\Debug\main.o
                0x00000130                main
 .text.CyClockStartupError
                0x000001e0        0x4 .\CortexM3\ARM_GCC_541\Debug\cyfitter_cfg.o
 .text.cfg_write_bytes32
                0x000001e4       0x34 .\CortexM3\ARM_GCC_541\Debug\cyfitter_cfg.o
 .text.AnalogSetDefault
                0x00000218       0x28 .\CortexM3\ARM_GCC_541\Debug\cyfitter_cfg.o
 .text.CYMEMZERO
                0x00000240        0xc .\CortexM3\ARM_GCC_541\Debug\cyfitter_cfg.o
 .text.ClockSetup
                0x0000024c       0xc8 .\CortexM3\ARM_GCC_541\Debug\cyfitter_cfg.o
 .text.CYCONFIGCPY
                0x00000314        0x8 .\CortexM3\ARM_GCC_541\Debug\cyfitter_cfg.o
 .text.cyfitter_cfg
                0x0000031c      0x124 .\CortexM3\ARM_GCC_541\Debug\cyfitter_cfg.o
                0x0000031c                cyfitter_cfg
 .text.IntDefaultHandler
                0x00000440       0x10 .\CortexM3\ARM_GCC_541\Debug\Cm3Start.o
                0x00000440                IntDefaultHandler
 .text.Start_c  0x00000450       0x4c .\CortexM3\ARM_GCC_541\Debug\Cm3Start.o
                0x00000450                Start_c
 .text.initialize_psoc
                0x0000049c       0x68 .\CortexM3\ARM_GCC_541\Debug\Cm3Start.o
                0x0000049c                initialize_psoc
 .text.IR_L_Read
                0x00000504       0x10 .\CortexM3\ARM_GCC_541\Debug\Kisrobot.a(IR_L.o)
                0x00000504                IR_L_Read
 .text.IR_R_Read
                0x00000514        0xc .\CortexM3\ARM_GCC_541\Debug\Kisrobot.a(IR_R.o)
                0x00000514                IR_R_Read
 .text.CyHalt   0x00000520        0x4 .\CortexM3\ARM_GCC_541\Debug\Kisrobot.a(CyLib.o)
                0x00000520                CyHalt
 .text.CyIntSetSysVector
                0x00000524       0x28 .\CortexM3\ARM_GCC_541\Debug\Kisrobot.a(CyLib.o)
                0x00000524                CyIntSetSysVector
 .text.CySysTickEnableInterrupt
                0x0000054c       0x10 .\CortexM3\ARM_GCC_541\Debug\Kisrobot.a(CyLib.o)
                0x0000054c                CySysTickEnableInterrupt
 .text.CySysTickEnable
                0x0000055c       0x18 .\CortexM3\ARM_GCC_541\Debug\Kisrobot.a(CyLib.o)
                0x0000055c                CySysTickEnable
 .text.CySysTickSetReload
                0x00000574       0x10 .\CortexM3\ARM_GCC_541\Debug\Kisrobot.a(CyLib.o)
                0x00000574                CySysTickSetReload
 .text.CySysTickGetValue
                0x00000584       0x10 .\CortexM3\ARM_GCC_541\Debug\Kisrobot.a(CyLib.o)
                0x00000584                CySysTickGetValue
 .text.CySysTickSetClockSource
                0x00000594       0x20 .\CortexM3\ARM_GCC_541\Debug\Kisrobot.a(CyLib.o)
                0x00000594                CySysTickSetClockSource
 .text.CySysTickGetCountFlag
                0x000005b4       0x10 .\CortexM3\ARM_GCC_541\Debug\Kisrobot.a(CyLib.o)
                0x000005b4                CySysTickGetCountFlag
 .text.CySysTickServiceCallbacks
                0x000005c4       0x28 .\CortexM3\ARM_GCC_541\Debug\Kisrobot.a(CyLib.o)
 .text.CySysTickClear
                0x000005ec        0xc .\CortexM3\ARM_GCC_541\Debug\Kisrobot.a(CyLib.o)
                0x000005ec                CySysTickClear
 .text.CySysTickInit
                0x000005f8       0x58 .\CortexM3\ARM_GCC_541\Debug\Kisrobot.a(CyLib.o)
                0x000005f8                CySysTickInit
 .text.CySysTickStart
                0x00000650       0x1c .\CortexM3\ARM_GCC_541\Debug\Kisrobot.a(CyLib.o)
                0x00000650                CySysTickStart
 .text.Reg_PWM_Start_Write
                0x0000066c        0xc .\CortexM3\ARM_GCC_541\Debug\Kisrobot.a(Reg_PWM_Start.o)
                0x0000066c                Reg_PWM_Start_Write
 .text.Left_mot_dir_Write
                0x00000678       0x18 .\CortexM3\ARM_GCC_541\Debug\Kisrobot.a(Left_mot_dir.o)
                0x00000678                Left_mot_dir_Write
 .text.Right_mot_dir_Write
                0x00000690       0x18 .\CortexM3\ARM_GCC_541\Debug\Kisrobot.a(Right_mot_dir.o)
                0x00000690                Right_mot_dir_Write
 .text.PWM_L_Enable
                0x000006a8       0x28 .\CortexM3\ARM_GCC_541\Debug\Kisrobot.a(PWM_L.o)
                0x000006a8                PWM_L_Enable
 .text.PWM_L_WritePeriod
                0x000006d0        0xc .\CortexM3\ARM_GCC_541\Debug\Kisrobot.a(PWM_L.o)
                0x000006d0                PWM_L_WritePeriod
 .text.PWM_L_WriteCompare
                0x000006dc        0xc .\CortexM3\ARM_GCC_541\Debug\Kisrobot.a(PWM_L.o)
                0x000006dc                PWM_L_WriteCompare
 .text.PWM_L_SetInterruptMode
                0x000006e8        0xc .\CortexM3\ARM_GCC_541\Debug\Kisrobot.a(PWM_L.o)
                0x000006e8                PWM_L_SetInterruptMode
 .text.PWM_L_Init
                0x000006f4       0x74 .\CortexM3\ARM_GCC_541\Debug\Kisrobot.a(PWM_L.o)
                0x000006f4                PWM_L_Init
 .text.PWM_L_Start
                0x00000768       0x1c .\CortexM3\ARM_GCC_541\Debug\Kisrobot.a(PWM_L.o)
                0x00000768                PWM_L_Start
 .text.PWM_R_Enable
                0x00000784       0x28 .\CortexM3\ARM_GCC_541\Debug\Kisrobot.a(PWM_R.o)
                0x00000784                PWM_R_Enable
 .text.PWM_R_WritePeriod
                0x000007ac        0xc .\CortexM3\ARM_GCC_541\Debug\Kisrobot.a(PWM_R.o)
                0x000007ac                PWM_R_WritePeriod
 .text.PWM_R_WriteCompare
                0x000007b8        0xc .\CortexM3\ARM_GCC_541\Debug\Kisrobot.a(PWM_R.o)
                0x000007b8                PWM_R_WriteCompare
 .text.PWM_R_SetInterruptMode
                0x000007c4        0xc .\CortexM3\ARM_GCC_541\Debug\Kisrobot.a(PWM_R.o)
                0x000007c4                PWM_R_SetInterruptMode
 .text.PWM_R_Init
                0x000007d0       0x74 .\CortexM3\ARM_GCC_541\Debug\Kisrobot.a(PWM_R.o)
                0x000007d0                PWM_R_Init
 .text.PWM_R_Start
                0x00000844       0x1c .\CortexM3\ARM_GCC_541\Debug\Kisrobot.a(PWM_R.o)
                0x00000844                PWM_R_Start
 .text          0x00000860       0x20 .\CortexM3\ARM_GCC_541\Debug\Kisrobot.a(CyBootAsmGnu.o)
                0x00000860                CyDelayCycles
                0x00000870                CyEnterCriticalSection
                0x00000878                CyExitCriticalSection
 .text.__errno  0x00000880        0xc c:/program files (x86)/cypress/psoc creator/4.3/psoc creator/import/gnu/arm/5.4.1/bin/../lib/gcc/arm-none-eabi/5.4.1/../../../../arm-none-eabi/lib/armv7-m\libg_nano.a(lib_a-errno.o)
                0x00000880                __errno
 .text.__libc_init_array
                0x0000088c       0x4c c:/program files (x86)/cypress/psoc creator/4.3/psoc creator/import/gnu/arm/5.4.1/bin/../lib/gcc/arm-none-eabi/5.4.1/../../../../arm-none-eabi/lib/armv7-m\libg_nano.a(lib_a-init.o)
                0x0000088c                __libc_init_array
 .text.memcpy   0x000008d8       0x16 c:/program files (x86)/cypress/psoc creator/4.3/psoc creator/import/gnu/arm/5.4.1/bin/../lib/gcc/arm-none-eabi/5.4.1/../../../../arm-none-eabi/lib/armv7-m\libg_nano.a(lib_a-memcpy-stub.o)
                0x000008d8                memcpy
 .text.memset   0x000008ee       0x10 c:/program files (x86)/cypress/psoc creator/4.3/psoc creator/import/gnu/arm/5.4.1/bin/../lib/gcc/arm-none-eabi/5.4.1/../../../../arm-none-eabi/lib/armv7-m\libg_nano.a(lib_a-memset.o)
                0x000008ee                memset
 *(.plt)
 *(.gnu.warning)
 *(.glue_7t)
 .glue_7t       0x000008fe        0x0 linker stubs
 *(.glue_7)
 .glue_7        0x000008fe        0x0 linker stubs
 *(.vfp11_veneer)
 .vfp11_veneer  0x000008fe        0x0 linker stubs
 *(.bootloader)
 *(.ARM.extab* .gnu.linkonce.armextab.*)
 *(.gcc_except_table)

.v4_bx          0x00000900        0x0
 .v4_bx         0x00000900        0x0 linker stubs

.iplt           0x00000900        0x0
 .iplt          0x00000900        0x0 c:/program files (x86)/cypress/psoc creator/4.3/psoc creator/import/gnu/arm/5.4.1/bin/../lib/gcc/arm-none-eabi/5.4.1/armv7-m/crtbegin.o

.eh_frame_hdr
 *(.eh_frame_hdr)

.eh_frame       0x00000900        0x4
 *(.eh_frame)
 .eh_frame      0x00000900        0x0 c:/program files (x86)/cypress/psoc creator/4.3/psoc creator/import/gnu/arm/5.4.1/bin/../lib/gcc/arm-none-eabi/5.4.1/armv7-m/crtbegin.o
 .eh_frame      0x00000900        0x4 c:/program files (x86)/cypress/psoc creator/4.3/psoc creator/import/gnu/arm/5.4.1/bin/../lib/gcc/arm-none-eabi/5.4.1/armv7-m/crtend.o
                [!provide]                PROVIDE (__exidx_start, .)

.ARM.exidx
 *(.ARM.exidx* .gnu.linkonce.armexidx.*)
                0x00000904                __exidx_end = .

.rodata         0x00000904       0x6c
 *(.rodata .rodata.* .gnu.linkonce.r.*)
 .rodata        0x00000904       0x36 .\CortexM3\ARM_GCC_541\Debug\cyfitter_cfg.o
 .rodata.str1.1
                0x0000093a        0x2 c:/program files (x86)/cypress/psoc creator/4.3/psoc creator/import/gnu/arm/5.4.1/bin/../lib/gcc/arm-none-eabi/5.4.1/../../../../arm-none-eabi/lib/armv7-m\libg_nano.a(lib_a-impure.o)
                0x0000093c                . = ALIGN (0x4)
 *(.init)
 .init          0x0000093c        0x4 c:/program files (x86)/cypress/psoc creator/4.3/psoc creator/import/gnu/arm/5.4.1/bin/../lib/gcc/arm-none-eabi/5.4.1/armv7-m/crti.o
                0x0000093c                _init
 .init          0x00000940        0x8 c:/program files (x86)/cypress/psoc creator/4.3/psoc creator/import/gnu/arm/5.4.1/bin/../lib/gcc/arm-none-eabi/5.4.1/armv7-m/crtn.o
                0x00000948                . = ALIGN (0x4)
                0x00000948                __preinit_array_start = .
 *(.preinit_array)
                0x00000948                __preinit_array_end = .
                0x00000948                . = ALIGN (0x4)
                0x00000948                __init_array_start = .
 *(SORT(.init_array.*))
 *(.init_array)
 .init_array    0x00000948        0x4 c:/program files (x86)/cypress/psoc creator/4.3/psoc creator/import/gnu/arm/5.4.1/bin/../lib/gcc/arm-none-eabi/5.4.1/armv7-m/crtbegin.o
 .init_array    0x0000094c        0x4 .\CortexM3\ARM_GCC_541\Debug\Cm3Start.o
                0x00000950                __init_array_end = .
                0x00000950                . = ALIGN (0x4)
 *(.fini)
 .fini          0x00000950        0x4 c:/program files (x86)/cypress/psoc creator/4.3/psoc creator/import/gnu/arm/5.4.1/bin/../lib/gcc/arm-none-eabi/5.4.1/armv7-m/crti.o
                0x00000950                _fini
 .fini          0x00000954        0x8 c:/program files (x86)/cypress/psoc creator/4.3/psoc creator/import/gnu/arm/5.4.1/bin/../lib/gcc/arm-none-eabi/5.4.1/armv7-m/crtn.o
                0x0000095c                . = ALIGN (0x4)
                0x0000095c                __fini_array_start = .
 *(.fini_array)
 .fini_array    0x0000095c        0x4 c:/program files (x86)/cypress/psoc creator/4.3/psoc creator/import/gnu/arm/5.4.1/bin/../lib/gcc/arm-none-eabi/5.4.1/armv7-m/crtbegin.o
 *(SORT(.fini_array.*))
                0x00000960                __fini_array_end = .
                0x00000960                . = ALIGN (0x4)
 *crtbegin.o(.ctors)
 *(EXCLUDE_FILE(*crtend.o) .ctors)
 *(SORT(.ctors.*))
 *crtend.o(.ctors)
                0x00000960                . = ALIGN (0x4)
 *crtbegin.o(.dtors)
 *(EXCLUDE_FILE(*crtend.o) .dtors)
 *(SORT(.dtors.*))
 *crtend.o(.dtors)
                0x00000960                . = ALIGN (0x4)
                0x00000960                __cy_regions = .
                0x00000960        0x4 LONG 0x970 __cy_region_init_ram
                0x00000964        0x4 LONG 0x1fff80c8 __cy_region_start_data
                0x00000968        0x4 LONG 0x78 __cy_region_init_size_ram
                0x0000096c        0x4 LONG 0x40 __cy_region_zero_size_ram
                0x00000970                __cy_regions_end = .
                0x00000970                . = ALIGN (0x8)
                0x00000970                _etext = .

.cy_checksum_exclude
                0x00000970        0x0
 *(.cy_checksum_exclude)

.ramvectors     0x1fff8000       0xc0
                0x1fff8000                __cy_region_start_ram = .
 *(.ramvectors)
 .ramvectors    0x1fff8000       0xc0 .\CortexM3\ARM_GCC_541\Debug\Cm3Start.o
                0x1fff8000                CyRamVectors

.noinit         0x1fff80c0        0x1
 *(.noinit)
 .noinit        0x1fff80c0        0x1 .\CortexM3\ARM_GCC_541\Debug\Kisrobot.a(CyLib.o)
                0x1fff80c0                CyResetStatus

.data           0x1fff80c8       0x78 load address 0x00000970
                0x1fff80c8                __cy_region_start_data = .
 *(.jcr)
 .jcr           0x1fff80c8        0x0 c:/program files (x86)/cypress/psoc creator/4.3/psoc creator/import/gnu/arm/5.4.1/bin/../lib/gcc/arm-none-eabi/5.4.1/armv7-m/crtbegin.o
 .jcr           0x1fff80c8        0x4 c:/program files (x86)/cypress/psoc creator/4.3/psoc creator/import/gnu/arm/5.4.1/bin/../lib/gcc/arm-none-eabi/5.4.1/armv7-m/crtend.o
 *(.got.plt)
 *(.got)
 *(.shdata)
 *(.data .data.* .gnu.linkonce.d.*)
 .data          0x1fff80cc       0x10 .\CortexM3\ARM_GCC_541\Debug\Kisrobot.a(CyLib.o)
                0x1fff80cc                cydelay_32k_ms
                0x1fff80d0                cydelay_freq_khz
                0x1fff80d4                cydelay_freq_mhz
                0x1fff80d8                cydelay_freq_hz
 .data.impure_data
                0x1fff80dc       0x60 c:/program files (x86)/cypress/psoc creator/4.3/psoc creator/import/gnu/arm/5.4.1/bin/../lib/gcc/arm-none-eabi/5.4.1/../../../../arm-none-eabi/lib/armv7-m\libg_nano.a(lib_a-impure.o)
 .data._impure_ptr
                0x1fff813c        0x4 c:/program files (x86)/cypress/psoc creator/4.3/psoc creator/import/gnu/arm/5.4.1/bin/../lib/gcc/arm-none-eabi/5.4.1/../../../../arm-none-eabi/lib/armv7-m\libg_nano.a(lib_a-impure.o)
                0x1fff813c                _impure_ptr
                0x1fff8140                . = ALIGN (0x8)
 *(.ram)
                0x1fff8140                _edata = .

.igot.plt       0x1fff8140        0x0 load address 0x000009e8
 .igot.plt      0x1fff8140        0x0 c:/program files (x86)/cypress/psoc creator/4.3/psoc creator/import/gnu/arm/5.4.1/bin/../lib/gcc/arm-none-eabi/5.4.1/armv7-m/crtbegin.o

.bss            0x1fff8140       0x40 load address 0x000009e8
                0x1fff8140                PROVIDE (__bss_start__, .)
 *(.shbss)
 *(.bss .bss.* .gnu.linkonce.b.*)
 .bss           0x1fff8140       0x1c c:/program files (x86)/cypress/psoc creator/4.3/psoc creator/import/gnu/arm/5.4.1/bin/../lib/gcc/arm-none-eabi/5.4.1/armv7-m/crtbegin.o
 .bss           0x1fff815c        0x4 .\CortexM3\ARM_GCC_541\Debug\main.o
                0x1fff815c                lasttime
 .bss           0x1fff8160       0x1c .\CortexM3\ARM_GCC_541\Debug\Kisrobot.a(CyLib.o)
                0x1fff8178                CySysTickInitVar
 .bss           0x1fff817c        0x1 .\CortexM3\ARM_GCC_541\Debug\Kisrobot.a(PWM_L.o)
                0x1fff817c                PWM_L_initVar
 .bss           0x1fff817d        0x1 .\CortexM3\ARM_GCC_541\Debug\Kisrobot.a(PWM_R.o)
                0x1fff817d                PWM_R_initVar
 *(COMMON)
                0x1fff8180                . = ALIGN (0x8)
 *fill*         0x1fff817e        0x2 
 *(.ram.b)
                0x1fff8180                _end = .
                0x1fff8180                __end = .
                0x1fff8180                PROVIDE (end, .)
                0x1fff8180                PROVIDE (__bss_end__, .)
                0x00000970                __cy_region_init_ram = LOADADDR (.data)
                0x00000078                __cy_region_init_size_ram = (_edata - ADDR (.data))
                0x00000040                __cy_region_zero_size_ram = (_end - _edata)

.heap           0x1fff8180       0x80 load address 0x000009e8
                0x1fff8180                . = _end
                0x1fff8200                . = (. + 0x80)
 *fill*         0x1fff8180       0x80 
                0x1fff8200                __cy_heap_limit = .

.stack          0x20007800      0x800
                0x20007800                __cy_stack_limit = .
                0x20008000                . = (. + 0x800)
 *fill*         0x20007800      0x800 
                0x00000001                ASSERT ((__cy_stack_limit >= __cy_heap_limit), region RAM overflowed with stack)
                0x00000000                cy_checksum_exclude_size = (CY_APPL_LOADABLE == 0x1)?SIZEOF (.cy_checksum_exclude):0x0
                0x00000001                ASSERT ((cy_checksum_exclude_size <= CY_CHECKSUM_EXCLUDE_SIZE), CY_BOOT: Section .cy_checksum_exclude size exceedes specified limit.)

.cyloadermeta
 *(.cyloadermeta)

.cyloadablemeta
 *(.cyloadablemeta)

.cyconfigecc    0x80000000      0x218
 *(.cyconfigecc)
 .cyconfigecc   0x80000000      0x218 .\CortexM3\ARM_GCC_541\Debug\cymetadata.o
                0x80000000                cy_meta_configecc

.cycustnvl      0x90000000        0x4
 *(.cycustnvl)
 .cycustnvl     0x90000000        0x4 .\CortexM3\ARM_GCC_541\Debug\cymetadata.o
                0x90000000                cy_meta_custnvl

.cywolatch      0x90100000        0x4
 *(.cywolatch)
 .cywolatch     0x90100000        0x4 .\CortexM3\ARM_GCC_541\Debug\cymetadata.o
                0x90100000                cy_meta_wonvl

.cyeeprom       0x90200000        0x0
 *(.cyeeprom)
                0x00000001                ASSERT ((. <= ((0x90200000 + ee_offset) + ee_size)), .cyeeprom data will not fit in EEPROM)

.cyflashprotect
                0x90400000      0x100
 *(.cyflashprotect)
 .cyflashprotect
                0x90400000      0x100 .\CortexM3\ARM_GCC_541\Debug\cymetadata.o
                0x90400000                cy_meta_flashprotect

.cymeta         0x90500000        0xc
 *(.cymeta)
 .cymeta        0x90500000        0xc .\CortexM3\ARM_GCC_541\Debug\cymetadata.o
                0x90500000                cy_metadata

.rel.dyn        0x000009e8        0x0 load address 0x9050000c
 .rel.iplt      0x000009e8        0x0 c:/program files (x86)/cypress/psoc creator/4.3/psoc creator/import/gnu/arm/5.4.1/bin/../lib/gcc/arm-none-eabi/5.4.1/armv7-m/crtbegin.o

.stab
 *(.stab)

.stabstr
 *(.stabstr)

.debug
 *(.debug)

.line
 *(.line)

.debug_srcinfo
 *(.debug_srcinfo)

.debug_sfnames
 *(.debug_sfnames)

.debug_aranges  0x00000000      0x748
 *(.debug_aranges)
 .debug_aranges
                0x00000000       0x38 .\CortexM3\ARM_GCC_541\Debug\main.o
 .debug_aranges
                0x00000038       0x58 .\CortexM3\ARM_GCC_541\Debug\cyfitter_cfg.o
 .debug_aranges
                0x00000090       0x18 .\CortexM3\ARM_GCC_541\Debug\cymetadata.o
 .debug_aranges
                0x000000a8       0x48 .\CortexM3\ARM_GCC_541\Debug\Cm3Start.o
 .debug_aranges
                0x000000f0       0x38 .\CortexM3\ARM_GCC_541\Debug\Kisrobot.a(IR_L.o)
 .debug_aranges
                0x00000128       0x38 .\CortexM3\ARM_GCC_541\Debug\Kisrobot.a(IR_R.o)
 .debug_aranges
                0x00000160      0x2a0 .\CortexM3\ARM_GCC_541\Debug\Kisrobot.a(CyLib.o)
 .debug_aranges
                0x00000400       0x98 .\CortexM3\ARM_GCC_541\Debug\Kisrobot.a(cyPm.o)
 .debug_aranges
                0x00000498       0x28 .\CortexM3\ARM_GCC_541\Debug\Kisrobot.a(Reg_PWM_Start.o)
 .debug_aranges
                0x000004c0       0x38 .\CortexM3\ARM_GCC_541\Debug\Kisrobot.a(Left_mot_dir.o)
 .debug_aranges
                0x000004f8       0x38 .\CortexM3\ARM_GCC_541\Debug\Kisrobot.a(Right_mot_dir.o)
 .debug_aranges
                0x00000530       0x78 .\CortexM3\ARM_GCC_541\Debug\Kisrobot.a(PWM_L.o)
 .debug_aranges
                0x000005a8       0x78 .\CortexM3\ARM_GCC_541\Debug\Kisrobot.a(PWM_R.o)
 .debug_aranges
                0x00000620       0x20 .\CortexM3\ARM_GCC_541\Debug\Kisrobot.a(CyBootAsmGnu.o)
 .debug_aranges
                0x00000640       0x88 .\CortexM3\ARM_GCC_541\Debug\Kisrobot.a(CyFlash.o)
 .debug_aranges
                0x000006c8       0x80 .\CortexM3\ARM_GCC_541\Debug\Kisrobot.a(CySpc.o)

.debug_pubnames
 *(.debug_pubnames)

.debug_info     0x00000000     0x42c3
 *(.debug_info .gnu.linkonce.wi.*)
 .debug_info    0x00000000      0x482 .\CortexM3\ARM_GCC_541\Debug\main.o
 .debug_info    0x00000482      0x538 .\CortexM3\ARM_GCC_541\Debug\cyfitter_cfg.o
 .debug_info    0x000009ba      0x135 .\CortexM3\ARM_GCC_541\Debug\cymetadata.o
 .debug_info    0x00000aef      0x3bb .\CortexM3\ARM_GCC_541\Debug\Cm3Start.o
 .debug_info    0x00000eaa      0x11f .\CortexM3\ARM_GCC_541\Debug\Kisrobot.a(IR_L.o)
 .debug_info    0x00000fc9      0x11f .\CortexM3\ARM_GCC_541\Debug\Kisrobot.a(IR_R.o)
 .debug_info    0x000010e8     0x1374 .\CortexM3\ARM_GCC_541\Debug\Kisrobot.a(CyLib.o)
 .debug_info    0x0000245c      0xa2a .\CortexM3\ARM_GCC_541\Debug\Kisrobot.a(cyPm.o)
 .debug_info    0x00002e86       0xd6 .\CortexM3\ARM_GCC_541\Debug\Kisrobot.a(Reg_PWM_Start.o)
 .debug_info    0x00002f5c      0x11f .\CortexM3\ARM_GCC_541\Debug\Kisrobot.a(Left_mot_dir.o)
 .debug_info    0x0000307b      0x11f .\CortexM3\ARM_GCC_541\Debug\Kisrobot.a(Right_mot_dir.o)
 .debug_info    0x0000319a      0x27f .\CortexM3\ARM_GCC_541\Debug\Kisrobot.a(PWM_L.o)
 .debug_info    0x00003419      0x27f .\CortexM3\ARM_GCC_541\Debug\Kisrobot.a(PWM_R.o)
 .debug_info    0x00003698       0x8e .\CortexM3\ARM_GCC_541\Debug\Kisrobot.a(CyBootAsmGnu.o)
 .debug_info    0x00003726      0x64d .\CortexM3\ARM_GCC_541\Debug\Kisrobot.a(CyFlash.o)
 .debug_info    0x00003d73      0x550 .\CortexM3\ARM_GCC_541\Debug\Kisrobot.a(CySpc.o)

.debug_abbrev   0x00000000     0x1225
 *(.debug_abbrev)
 .debug_abbrev  0x00000000      0x170 .\CortexM3\ARM_GCC_541\Debug\main.o
 .debug_abbrev  0x00000170      0x1fe .\CortexM3\ARM_GCC_541\Debug\cyfitter_cfg.o
 .debug_abbrev  0x0000036e       0x66 .\CortexM3\ARM_GCC_541\Debug\cymetadata.o
 .debug_abbrev  0x000003d4      0x1e8 .\CortexM3\ARM_GCC_541\Debug\Cm3Start.o
 .debug_abbrev  0x000005bc       0x90 .\CortexM3\ARM_GCC_541\Debug\Kisrobot.a(IR_L.o)
 .debug_abbrev  0x0000064c       0x90 .\CortexM3\ARM_GCC_541\Debug\Kisrobot.a(IR_R.o)
 .debug_abbrev  0x000006dc      0x254 .\CortexM3\ARM_GCC_541\Debug\Kisrobot.a(CyLib.o)
 .debug_abbrev  0x00000930      0x1ab .\CortexM3\ARM_GCC_541\Debug\Kisrobot.a(cyPm.o)
 .debug_abbrev  0x00000adb       0x81 .\CortexM3\ARM_GCC_541\Debug\Kisrobot.a(Reg_PWM_Start.o)
 .debug_abbrev  0x00000b5c       0x90 .\CortexM3\ARM_GCC_541\Debug\Kisrobot.a(Left_mot_dir.o)
 .debug_abbrev  0x00000bec       0x90 .\CortexM3\ARM_GCC_541\Debug\Kisrobot.a(Right_mot_dir.o)
 .debug_abbrev  0x00000c7c      0x12d .\CortexM3\ARM_GCC_541\Debug\Kisrobot.a(PWM_L.o)
 .debug_abbrev  0x00000da9      0x12d .\CortexM3\ARM_GCC_541\Debug\Kisrobot.a(PWM_R.o)
 .debug_abbrev  0x00000ed6       0x14 .\CortexM3\ARM_GCC_541\Debug\Kisrobot.a(CyBootAsmGnu.o)
 .debug_abbrev  0x00000eea      0x1a7 .\CortexM3\ARM_GCC_541\Debug\Kisrobot.a(CyFlash.o)
 .debug_abbrev  0x00001091      0x194 .\CortexM3\ARM_GCC_541\Debug\Kisrobot.a(CySpc.o)

.debug_line     0x00000000     0x1d47
 *(.debug_line)
 .debug_line    0x00000000      0x269 .\CortexM3\ARM_GCC_541\Debug\main.o
 .debug_line    0x00000269      0x1dc .\CortexM3\ARM_GCC_541\Debug\cyfitter_cfg.o
 .debug_line    0x00000445      0x141 .\CortexM3\ARM_GCC_541\Debug\cymetadata.o
 .debug_line    0x00000586      0x234 .\CortexM3\ARM_GCC_541\Debug\Cm3Start.o
 .debug_line    0x000007ba       0x91 .\CortexM3\ARM_GCC_541\Debug\Kisrobot.a(IR_L.o)
 .debug_line    0x0000084b       0x91 .\CortexM3\ARM_GCC_541\Debug\Kisrobot.a(IR_R.o)
 .debug_line    0x000008dc      0x816 .\CortexM3\ARM_GCC_541\Debug\Kisrobot.a(CyLib.o)
 .debug_line    0x000010f2      0x367 .\CortexM3\ARM_GCC_541\Debug\Kisrobot.a(cyPm.o)
 .debug_line    0x00001459       0x75 .\CortexM3\ARM_GCC_541\Debug\Kisrobot.a(Reg_PWM_Start.o)
 .debug_line    0x000014ce       0x99 .\CortexM3\ARM_GCC_541\Debug\Kisrobot.a(Left_mot_dir.o)
 .debug_line    0x00001567       0x9a .\CortexM3\ARM_GCC_541\Debug\Kisrobot.a(Right_mot_dir.o)
 .debug_line    0x00001601      0x133 .\CortexM3\ARM_GCC_541\Debug\Kisrobot.a(PWM_L.o)
 .debug_line    0x00001734      0x133 .\CortexM3\ARM_GCC_541\Debug\Kisrobot.a(PWM_R.o)
 .debug_line    0x00001867       0x66 .\CortexM3\ARM_GCC_541\Debug\Kisrobot.a(CyBootAsmGnu.o)
 .debug_line    0x000018cd      0x21a .\CortexM3\ARM_GCC_541\Debug\Kisrobot.a(CyFlash.o)
 .debug_line    0x00001ae7      0x260 .\CortexM3\ARM_GCC_541\Debug\Kisrobot.a(CySpc.o)

.debug_frame    0x00000000     0x1258
 *(.debug_frame)
 .debug_frame   0x00000000       0x7c .\CortexM3\ARM_GCC_541\Debug\main.o
 .debug_frame   0x0000007c       0xe4 .\CortexM3\ARM_GCC_541\Debug\cyfitter_cfg.o
 .debug_frame   0x00000160       0xb8 .\CortexM3\ARM_GCC_541\Debug\Cm3Start.o
 .debug_frame   0x00000218       0x50 .\CortexM3\ARM_GCC_541\Debug\Kisrobot.a(IR_L.o)
 .debug_frame   0x00000268       0x50 .\CortexM3\ARM_GCC_541\Debug\Kisrobot.a(IR_R.o)
 .debug_frame   0x000002b8      0x738 .\CortexM3\ARM_GCC_541\Debug\Kisrobot.a(CyLib.o)
 .debug_frame   0x000009f0      0x1f8 .\CortexM3\ARM_GCC_541\Debug\Kisrobot.a(cyPm.o)
 .debug_frame   0x00000be8       0x30 .\CortexM3\ARM_GCC_541\Debug\Kisrobot.a(Reg_PWM_Start.o)
 .debug_frame   0x00000c18       0x50 .\CortexM3\ARM_GCC_541\Debug\Kisrobot.a(Left_mot_dir.o)
 .debug_frame   0x00000c68       0x50 .\CortexM3\ARM_GCC_541\Debug\Kisrobot.a(Right_mot_dir.o)
 .debug_frame   0x00000cb8       0xe8 .\CortexM3\ARM_GCC_541\Debug\Kisrobot.a(PWM_L.o)
 .debug_frame   0x00000da0       0xe8 .\CortexM3\ARM_GCC_541\Debug\Kisrobot.a(PWM_R.o)
 .debug_frame   0x00000e88      0x194 .\CortexM3\ARM_GCC_541\Debug\Kisrobot.a(CyFlash.o)
 .debug_frame   0x0000101c      0x180 .\CortexM3\ARM_GCC_541\Debug\Kisrobot.a(CySpc.o)
 .debug_frame   0x0000119c       0x20 c:/program files (x86)/cypress/psoc creator/4.3/psoc creator/import/gnu/arm/5.4.1/bin/../lib/gcc/arm-none-eabi/5.4.1/../../../../arm-none-eabi/lib/armv7-m\libg_nano.a(lib_a-errno.o)
 .debug_frame   0x000011bc       0x28 c:/program files (x86)/cypress/psoc creator/4.3/psoc creator/import/gnu/arm/5.4.1/bin/../lib/gcc/arm-none-eabi/5.4.1/../../../../arm-none-eabi/lib/armv7-m\libg_nano.a(lib_a-exit.o)
 .debug_frame   0x000011e4       0x2c c:/program files (x86)/cypress/psoc creator/4.3/psoc creator/import/gnu/arm/5.4.1/bin/../lib/gcc/arm-none-eabi/5.4.1/../../../../arm-none-eabi/lib/armv7-m\libg_nano.a(lib_a-init.o)
 .debug_frame   0x00001210       0x28 c:/program files (x86)/cypress/psoc creator/4.3/psoc creator/import/gnu/arm/5.4.1/bin/../lib/gcc/arm-none-eabi/5.4.1/../../../../arm-none-eabi/lib/armv7-m\libg_nano.a(lib_a-memcpy-stub.o)
 .debug_frame   0x00001238       0x20 c:/program files (x86)/cypress/psoc creator/4.3/psoc creator/import/gnu/arm/5.4.1/bin/../lib/gcc/arm-none-eabi/5.4.1/../../../../arm-none-eabi/lib/armv7-m\libg_nano.a(lib_a-memset.o)

.debug_str      0x00000000     0x1805
 *(.debug_str)
 .debug_str     0x00000000      0x318 .\CortexM3\ARM_GCC_541\Debug\main.o
                                0x389 (size before relaxing)
 .debug_str     0x00000318      0x187 .\CortexM3\ARM_GCC_541\Debug\cyfitter_cfg.o
                                0x30d (size before relaxing)
 .debug_str     0x0000049f       0x75 .\CortexM3\ARM_GCC_541\Debug\cymetadata.o
                                0x1e2 (size before relaxing)
 .debug_str     0x00000514      0x144 .\CortexM3\ARM_GCC_541\Debug\Cm3Start.o
                                0x308 (size before relaxing)
 .debug_str     0x00000658       0x5c .\CortexM3\ARM_GCC_541\Debug\Kisrobot.a(IR_L.o)
                                0x1db (size before relaxing)
 .debug_str     0x000006b4       0x4c .\CortexM3\ARM_GCC_541\Debug\Kisrobot.a(IR_R.o)
                                0x1db (size before relaxing)
 .debug_str     0x00000700      0x828 .\CortexM3\ARM_GCC_541\Debug\Kisrobot.a(CyLib.o)
                                0xa45 (size before relaxing)
 .debug_str     0x00000f28      0x365 .\CortexM3\ARM_GCC_541\Debug\Kisrobot.a(cyPm.o)
                                0x731 (size before relaxing)
 .debug_str     0x0000128d       0x3a .\CortexM3\ARM_GCC_541\Debug\Kisrobot.a(Reg_PWM_Start.o)
                                0x1c5 (size before relaxing)
 .debug_str     0x000012c7       0x6b .\CortexM3\ARM_GCC_541\Debug\Kisrobot.a(Left_mot_dir.o)
                                0x203 (size before relaxing)
 .debug_str     0x00001332       0x6f .\CortexM3\ARM_GCC_541\Debug\Kisrobot.a(Right_mot_dir.o)
                                0x208 (size before relaxing)
 .debug_str     0x000013a1      0x113 .\CortexM3\ARM_GCC_541\Debug\Kisrobot.a(PWM_L.o)
                                0x2cb (size before relaxing)
 .debug_str     0x000014b4       0xea .\CortexM3\ARM_GCC_541\Debug\Kisrobot.a(PWM_R.o)
                                0x2cb (size before relaxing)
 .debug_str     0x0000159e      0x1bb .\CortexM3\ARM_GCC_541\Debug\Kisrobot.a(CyFlash.o)
                                0x3be (size before relaxing)
 .debug_str     0x00001759       0xac .\CortexM3\ARM_GCC_541\Debug\Kisrobot.a(CySpc.o)
                                0x336 (size before relaxing)

.debug_loc      0x00000000     0x1d40
 *(.debug_loc)
 .debug_loc     0x00000000      0x24b .\CortexM3\ARM_GCC_541\Debug\main.o
 .debug_loc     0x0000024b      0x1d7 .\CortexM3\ARM_GCC_541\Debug\cyfitter_cfg.o
 .debug_loc     0x00000422      0x144 .\CortexM3\ARM_GCC_541\Debug\Cm3Start.o
 .debug_loc     0x00000566       0x42 .\CortexM3\ARM_GCC_541\Debug\Kisrobot.a(IR_L.o)
 .debug_loc     0x000005a8       0x42 .\CortexM3\ARM_GCC_541\Debug\Kisrobot.a(IR_R.o)
 .debug_loc     0x000005ea      0xa11 .\CortexM3\ARM_GCC_541\Debug\Kisrobot.a(CyLib.o)
 .debug_loc     0x00000ffb      0x1e4 .\CortexM3\ARM_GCC_541\Debug\Kisrobot.a(cyPm.o)
 .debug_loc     0x000011df       0x42 .\CortexM3\ARM_GCC_541\Debug\Kisrobot.a(Left_mot_dir.o)
 .debug_loc     0x00001221       0x42 .\CortexM3\ARM_GCC_541\Debug\Kisrobot.a(Right_mot_dir.o)
 .debug_loc     0x00001263       0x13 .\CortexM3\ARM_GCC_541\Debug\Kisrobot.a(PWM_L.o)
 .debug_loc     0x00001276       0x13 .\CortexM3\ARM_GCC_541\Debug\Kisrobot.a(PWM_R.o)
 .debug_loc     0x00001289      0x3b2 .\CortexM3\ARM_GCC_541\Debug\Kisrobot.a(CyFlash.o)
 .debug_loc     0x0000163b      0x705 .\CortexM3\ARM_GCC_541\Debug\Kisrobot.a(CySpc.o)

.debug_macinfo
 *(.debug_macinfo)

.debug_ranges   0x00000000      0x630
 *(.debug_ranges)
 .debug_ranges  0x00000000       0x28 .\CortexM3\ARM_GCC_541\Debug\main.o
 .debug_ranges  0x00000028       0x48 .\CortexM3\ARM_GCC_541\Debug\cyfitter_cfg.o
 .debug_ranges  0x00000070       0x38 .\CortexM3\ARM_GCC_541\Debug\Cm3Start.o
 .debug_ranges  0x000000a8       0x28 .\CortexM3\ARM_GCC_541\Debug\Kisrobot.a(IR_L.o)
 .debug_ranges  0x000000d0       0x28 .\CortexM3\ARM_GCC_541\Debug\Kisrobot.a(IR_R.o)
 .debug_ranges  0x000000f8      0x290 .\CortexM3\ARM_GCC_541\Debug\Kisrobot.a(CyLib.o)
 .debug_ranges  0x00000388       0x88 .\CortexM3\ARM_GCC_541\Debug\Kisrobot.a(cyPm.o)
 .debug_ranges  0x00000410       0x18 .\CortexM3\ARM_GCC_541\Debug\Kisrobot.a(Reg_PWM_Start.o)
 .debug_ranges  0x00000428       0x28 .\CortexM3\ARM_GCC_541\Debug\Kisrobot.a(Left_mot_dir.o)
 .debug_ranges  0x00000450       0x28 .\CortexM3\ARM_GCC_541\Debug\Kisrobot.a(Right_mot_dir.o)
 .debug_ranges  0x00000478       0x68 .\CortexM3\ARM_GCC_541\Debug\Kisrobot.a(PWM_L.o)
 .debug_ranges  0x000004e0       0x68 .\CortexM3\ARM_GCC_541\Debug\Kisrobot.a(PWM_R.o)
 .debug_ranges  0x00000548       0x78 .\CortexM3\ARM_GCC_541\Debug\Kisrobot.a(CyFlash.o)
 .debug_ranges  0x000005c0       0x70 .\CortexM3\ARM_GCC_541\Debug\Kisrobot.a(CySpc.o)

.comment        0x00000000       0x6e
 .comment       0x00000000       0x6e .\CortexM3\ARM_GCC_541\Debug\main.o
                                 0x6f (size before relaxing)
 .comment       0x0000006e       0x6f .\CortexM3\ARM_GCC_541\Debug\cyfitter_cfg.o
 .comment       0x0000006e       0x6f .\CortexM3\ARM_GCC_541\Debug\cymetadata.o
 .comment       0x0000006e       0x6f .\CortexM3\ARM_GCC_541\Debug\Cm3Start.o
 .comment       0x0000006e       0x6f .\CortexM3\ARM_GCC_541\Debug\Kisrobot.a(IR_L.o)
 .comment       0x0000006e       0x6f .\CortexM3\ARM_GCC_541\Debug\Kisrobot.a(IR_R.o)
 .comment       0x0000006e       0x6f .\CortexM3\ARM_GCC_541\Debug\Kisrobot.a(CyLib.o)
 .comment       0x0000006e       0x6f .\CortexM3\ARM_GCC_541\Debug\Kisrobot.a(cyPm.o)
 .comment       0x0000006e       0x6f .\CortexM3\ARM_GCC_541\Debug\Kisrobot.a(Reg_PWM_Start.o)
 .comment       0x0000006e       0x6f .\CortexM3\ARM_GCC_541\Debug\Kisrobot.a(Left_mot_dir.o)
 .comment       0x0000006e       0x6f .\CortexM3\ARM_GCC_541\Debug\Kisrobot.a(Right_mot_dir.o)
 .comment       0x0000006e       0x6f .\CortexM3\ARM_GCC_541\Debug\Kisrobot.a(PWM_L.o)
 .comment       0x0000006e       0x6f .\CortexM3\ARM_GCC_541\Debug\Kisrobot.a(PWM_R.o)
 .comment       0x0000006e       0x6f .\CortexM3\ARM_GCC_541\Debug\Kisrobot.a(CyFlash.o)
 .comment       0x0000006e       0x6f .\CortexM3\ARM_GCC_541\Debug\Kisrobot.a(CySpc.o)

.debug_weaknames
 *(.debug_weaknames)

.debug_funcnames
 *(.debug_funcnames)

.debug_typenames
 *(.debug_typenames)

.debug_varnames
 *(.debug_varnames)

.note.gnu.arm.ident
 *(.note.gnu.arm.ident)

.ARM.attributes
                0x00000000       0x29
 *(.ARM.attributes)
 .ARM.attributes
                0x00000000       0x1d c:/program files (x86)/cypress/psoc creator/4.3/psoc creator/import/gnu/arm/5.4.1/bin/../lib/gcc/arm-none-eabi/5.4.1/armv7-m/crti.o
 .ARM.attributes
                0x0000001d       0x2d c:/program files (x86)/cypress/psoc creator/4.3/psoc creator/import/gnu/arm/5.4.1/bin/../lib/gcc/arm-none-eabi/5.4.1/armv7-m/crtbegin.o
 .ARM.attributes
                0x0000004a       0x1b c:/program files (x86)/cypress/psoc creator/4.3/psoc creator/import/gnu/arm/5.4.1/bin/../lib/gcc/arm-none-eabi/5.4.1/../../../../arm-none-eabi/lib/armv7-m/crt0.o
 .ARM.attributes
                0x00000065       0x33 .\CortexM3\ARM_GCC_541\Debug\main.o
 .ARM.attributes
                0x00000098       0x33 .\CortexM3\ARM_GCC_541\Debug\cyfitter_cfg.o
 .ARM.attributes
                0x000000cb       0x33 .\CortexM3\ARM_GCC_541\Debug\cymetadata.o
 .ARM.attributes
                0x000000fe       0x33 .\CortexM3\ARM_GCC_541\Debug\Cm3Start.o
 .ARM.attributes
                0x00000131       0x33 .\CortexM3\ARM_GCC_541\Debug\Kisrobot.a(IR_L.o)
 .ARM.attributes
                0x00000164       0x33 .\CortexM3\ARM_GCC_541\Debug\Kisrobot.a(IR_R.o)
 .ARM.attributes
                0x00000197       0x33 .\CortexM3\ARM_GCC_541\Debug\Kisrobot.a(CyLib.o)
 .ARM.attributes
                0x000001ca       0x33 .\CortexM3\ARM_GCC_541\Debug\Kisrobot.a(cyPm.o)
 .ARM.attributes
                0x000001fd       0x33 .\CortexM3\ARM_GCC_541\Debug\Kisrobot.a(Reg_PWM_Start.o)
 .ARM.attributes
                0x00000230       0x33 .\CortexM3\ARM_GCC_541\Debug\Kisrobot.a(Left_mot_dir.o)
 .ARM.attributes
                0x00000263       0x33 .\CortexM3\ARM_GCC_541\Debug\Kisrobot.a(Right_mot_dir.o)
 .ARM.attributes
                0x00000296       0x33 .\CortexM3\ARM_GCC_541\Debug\Kisrobot.a(PWM_L.o)
 .ARM.attributes
                0x000002c9       0x33 .\CortexM3\ARM_GCC_541\Debug\Kisrobot.a(PWM_R.o)
 .ARM.attributes
                0x000002fc       0x21 .\CortexM3\ARM_GCC_541\Debug\Kisrobot.a(CyBootAsmGnu.o)
 .ARM.attributes
                0x0000031d       0x33 .\CortexM3\ARM_GCC_541\Debug\Kisrobot.a(CyFlash.o)
 .ARM.attributes
                0x00000350       0x33 .\CortexM3\ARM_GCC_541\Debug\Kisrobot.a(CySpc.o)
 .ARM.attributes
                0x00000383       0x2d c:/program files (x86)/cypress/psoc creator/4.3/psoc creator/import/gnu/arm/5.4.1/bin/../lib/gcc/arm-none-eabi/5.4.1/../../../../arm-none-eabi/lib/armv7-m\libg_nano.a(lib_a-errno.o)
 .ARM.attributes
                0x000003b0       0x2d c:/program files (x86)/cypress/psoc creator/4.3/psoc creator/import/gnu/arm/5.4.1/bin/../lib/gcc/arm-none-eabi/5.4.1/../../../../arm-none-eabi/lib/armv7-m\libg_nano.a(lib_a-exit.o)
 .ARM.attributes
                0x000003dd       0x2d c:/program files (x86)/cypress/psoc creator/4.3/psoc creator/import/gnu/arm/5.4.1/bin/../lib/gcc/arm-none-eabi/5.4.1/../../../../arm-none-eabi/lib/armv7-m\libg_nano.a(lib_a-impure.o)
 .ARM.attributes
                0x0000040a       0x2d c:/program files (x86)/cypress/psoc creator/4.3/psoc creator/import/gnu/arm/5.4.1/bin/../lib/gcc/arm-none-eabi/5.4.1/../../../../arm-none-eabi/lib/armv7-m\libg_nano.a(lib_a-init.o)
 .ARM.attributes
                0x00000437       0x2d c:/program files (x86)/cypress/psoc creator/4.3/psoc creator/import/gnu/arm/5.4.1/bin/../lib/gcc/arm-none-eabi/5.4.1/../../../../arm-none-eabi/lib/armv7-m\libg_nano.a(lib_a-memcpy-stub.o)
 .ARM.attributes
                0x00000464       0x2d c:/program files (x86)/cypress/psoc creator/4.3/psoc creator/import/gnu/arm/5.4.1/bin/../lib/gcc/arm-none-eabi/5.4.1/../../../../arm-none-eabi/lib/armv7-m\libg_nano.a(lib_a-memset.o)
 .ARM.attributes
                0x00000491       0x2d c:/program files (x86)/cypress/psoc creator/4.3/psoc creator/import/gnu/arm/5.4.1/bin/../lib/gcc/arm-none-eabi/5.4.1/armv7-m/crtend.o
 .ARM.attributes
                0x000004be       0x1d c:/program files (x86)/cypress/psoc creator/4.3/psoc creator/import/gnu/arm/5.4.1/bin/../lib/gcc/arm-none-eabi/5.4.1/armv7-m/crtn.o

/DISCARD/
 *(.note.GNU-stack)
OUTPUT(C:\Users\guest\Documents\Workspace01\Workspace01\Kisrobot.cydsn\CortexM3\ARM_GCC_541\Debug\Kisrobot.elf elf32-littlearm)
